::1 - - [22/Oct/2025 21:59:59] "GET /mock_guncel.html HTTP/1.1" 200 -
----------------------------------------
Exception occurred during processing of request from ('::1', 63621, 0, 0)
Traceback (most recent call last):
  File "/Library/Developer/CommandLineTools/Library/Frameworks/Python3.framework/Versions/3.9/lib/python3.9/socketserver.py", line 683, in process_request_thread
    self.finish_request(request, client_address)
  File "/Library/Developer/CommandLineTools/Library/Frameworks/Python3.framework/Versions/3.9/lib/python3.9/socketserver.py", line 360, in finish_request
    self.RequestHandlerClass(request, client_address, self)
  File "/Library/Developer/CommandLineTools/Library/Frameworks/Python3.framework/Versions/3.9/lib/python3.9/http/server.py", line 660, in __init__
    super().__init__(*args, **kwargs)
  File "/Library/Developer/CommandLineTools/Library/Frameworks/Python3.framework/Versions/3.9/lib/python3.9/socketserver.py", line 747, in __init__
    self.handle()
  File "/Library/Developer/CommandLineTools/Library/Frameworks/Python3.framework/Versions/3.9/lib/python3.9/http/server.py", line 434, in handle
    self.handle_one_request()
  File "/Library/Developer/CommandLineTools/Library/Frameworks/Python3.framework/Versions/3.9/lib/python3.9/http/server.py", line 422, in handle_one_request
    method()
  File "/Library/Developer/CommandLineTools/Library/Frameworks/Python3.framework/Versions/3.9/lib/python3.9/http/server.py", line 667, in do_GET
    self.copyfile(f, self.wfile)
  File "/Library/Developer/CommandLineTools/Library/Frameworks/Python3.framework/Versions/3.9/lib/python3.9/http/server.py", line 867, in copyfile
    shutil.copyfileobj(source, outputfile)
  File "/Library/Developer/CommandLineTools/Library/Frameworks/Python3.framework/Versions/3.9/lib/python3.9/shutil.py", line 208, in copyfileobj
    fdst_write(buf)
  File "/Library/Developer/CommandLineTools/Library/Frameworks/Python3.framework/Versions/3.9/lib/python3.9/socketserver.py", line 826, in write
    self._sock.sendall(b)
ConnectionResetError: [Errno 54] Connection reset by peer
----------------------------------------
::1 - - [22/Oct/2025 22:00:07] "GET /mock_guncel.html HTTP/1.1" 200 -
::1 - - [22/Oct/2025 22:00:08] code 404, message File not found
::1 - - [22/Oct/2025 22:00:08] "GET /favicon.ico HTTP/1.1" 404 -
::1 - - [22/Oct/2025 22:01:34] "GET /mock_guncel.html HTTP/1.1" 200 -
::1 - - [22/Oct/2025 22:01:37] "GET /mock_guncel.html HTTP/1.1" 304 -
::1 - - [22/Oct/2025 22:11:11] "GET /mock_guncel.html HTTP/1.1" 200 -
::1 - - [22/Oct/2025 22:11:43] "GET /mock_guncel.html HTTP/1.1" 304 -
::1 - - [22/Oct/2025 22:15:45] "GET /mock_guncel.html HTTP/1.1" 200 -
::1 - - [22/Oct/2025 22:17:10] "GET /mock_guncel.html HTTP/1.1" 304 -
::1 - - [22/Oct/2025 22:21:38] "GET /mock_guncel.html HTTP/1.1" 200 -
::1 - - [22/Oct/2025 22:21:56] "GET /mock_guncel.html HTTP/1.1" 304 -
::1 - - [22/Oct/2025 22:23:03] "GET /mock_guncel.html HTTP/1.1" 304 -
::1 - - [22/Oct/2025 22:23:08] "GET /mock_guncel.html HTTP/1.1" 304 -
::1 - - [22/Oct/2025 22:23:08] "GET /mock_guncel.html HTTP/1.1" 304 -
::1 - - [22/Oct/2025 22:23:08] "GET /mock_guncel.html HTTP/1.1" 304 -
::1 - - [22/Oct/2025 22:27:01] "GET /mock_guncel.html HTTP/1.1" 200 -
::1 - - [22/Oct/2025 22:27:40] "GET /mock_guncel.html HTTP/1.1" 200 -
::1 - - [22/Oct/2025 22:30:15] "GET /mock_guncel.html?t=1761161415489 HTTP/1.1" 200 -
::1 - - [22/Oct/2025 22:30:34] "GET /mock_guncel.html?t=1761161415489 HTTP/1.1" 304 -
::1 - - [22/Oct/2025 22:31:46] "GET /mock_guncel.html?t=2 HTTP/1.1" 200 -
::1 - - [22/Oct/2025 22:34:11] "GET /mock_guncel.html?t=3 HTTP/1.1" 200 -
::1 - - [22/Oct/2025 22:36:35] "GET /mock_guncel.html?t=4 HTTP/1.1" 200 -
::1 - - [22/Oct/2025 22:38:01] "GET /mock_guncel.html?t=5 HTTP/1.1" 200 -
::1 - - [22/Oct/2025 22:40:20] "GET /mock_guncel.html?t=5 HTTP/1.1" 304 -
::1 - - [22/Oct/2025 22:40:21] "GET /mock_guncel.html?t=5 HTTP/1.1" 304 -
::1 - - [22/Oct/2025 22:40:21] "GET /mock_guncel.html?t=5 HTTP/1.1" 304 -
::1 - - [22/Oct/2025 22:40:21] "GET /mock_guncel.html?t=5 HTTP/1.1" 304 -
::1 - - [22/Oct/2025 22:40:52] "GET /mock_guncel.html?t=6 HTTP/1.1" 200 -
::1 - - [22/Oct/2025 22:41:23] "GET /mock_guncel.html?t=7 HTTP/1.1" 200 -
::1 - - [22/Oct/2025 22:43:02] "GET /mock_guncel.html?t=7 HTTP/1.1" 304 -
::1 - - [22/Oct/2025 22:43:03] "GET /mock_guncel.html?t=7 HTTP/1.1" 304 -
::1 - - [22/Oct/2025 22:43:03] "GET /mock_guncel.html?t=7 HTTP/1.1" 304 -
::1 - - [22/Oct/2025 22:43:03] "GET /mock_guncel.html?t=7 HTTP/1.1" 304 -
::1 - - [22/Oct/2025 22:43:59] "GET /mock_guncel.html?t=7 HTTP/1.1" 200 -
::1 - - [22/Oct/2025 22:44:00] "GET /mock_guncel.html?t=7 HTTP/1.1" 304 -
::1 - - [22/Oct/2025 22:44:03] "GET /mock_guncel.html?t=7 HTTP/1.1" 304 -
::1 - - [22/Oct/2025 22:44:03] "GET /mock_guncel.html?t=7 HTTP/1.1" 304 -
::1 - - [22/Oct/2025 22:44:04] "GET /mock_guncel.html?t=7 HTTP/1.1" 304 -
::1 - - [22/Oct/2025 22:44:04] "GET /mock_guncel.html?t=7 HTTP/1.1" 304 -
::1 - - [22/Oct/2025 22:44:04] "GET /mock_guncel.html?t=7 HTTP/1.1" 304 -
::1 - - [22/Oct/2025 22:44:04] "GET /mock_guncel.html?t=7 HTTP/1.1" 304 -
::1 - - [22/Oct/2025 22:44:05] "GET /mock_guncel.html?t=7 HTTP/1.1" 304 -
::1 - - [22/Oct/2025 22:44:14] "GET /mock_guncel.html?t=7 HTTP/1.1" 304 -
::1 - - [22/Oct/2025 22:44:26] "GET /mock_guncel.html?t=3 HTTP/1.1" 200 -
::1 - - [22/Oct/2025 22:44:53] "GET /mock_guncel.html?t=3 HTTP/1.1" 304 -
::1 - - [22/Oct/2025 22:45:22] "GET /mock_guncel.html?t=3 HTTP/1.1" 200 -
::1 - - [22/Oct/2025 22:46:04] "GET /mock_guncel.html?t=1761161600000 HTTP/1.1" 200 -
::1 - - [22/Oct/2025 22:46:20] "GET /mock_guncel.html?t=1761161600000 HTTP/1.1" 304 -
::1 - - [22/Oct/2025 22:46:53] "GET /mock_guncel.html?t=1761161600000 HTTP/1.1" 304 -
::1 - - [23/Oct/2025 11:56:48] "GET /mock_guncel.html?t=1761161700000 HTTP/1.1" 200 -
::1 - - [23/Oct/2025 11:56:48] code 404, message File not found
::1 - - [23/Oct/2025 11:56:48] "GET /favicon.ico HTTP/1.1" 404 -
::1 - - [23/Oct/2025 11:57:06] "GET /mock_guncel.html?t=1761161800000 HTTP/1.1" 200 -
::1 - - [23/Oct/2025 11:57:23] "GET /mock_guncel.html?t=1761161900000 HTTP/1.1" 200 -
::1 - - [23/Oct/2025 11:57:44] "GET /mock_guncel.html?t=1761162000000 HTTP/1.1" 200 -
::1 - - [23/Oct/2025 11:58:02] "GET /mock_guncel.html?t=1761162100000 HTTP/1.1" 200 -
::1 - - [23/Oct/2025 11:58:17] "GET /mock_guncel.html?t=1761162200000 HTTP/1.1" 200 -
::1 - - [23/Oct/2025 11:58:49] "GET /mock_guncel.html?t=1761162300000 HTTP/1.1" 200 -
::1 - - [23/Oct/2025 12:00:31] "GET /mock_guncel.html?t=1761162200000 HTTP/1.1" 200 -
::1 - - [23/Oct/2025 12:00:48] "GET /mock_guncel.html?t=1761162200000 HTTP/1.1" 304 -
::1 - - [23/Oct/2025 12:01:54] "GET /mock_guncel.html?t=1761162400000 HTTP/1.1" 200 -
::1 - - [23/Oct/2025 12:02:12] "GET /mock_guncel.html?t=1761162500000 HTTP/1.1" 200 -
::1 - - [23/Oct/2025 12:02:35] "GET /mock_guncel.html?t=1761162600000 HTTP/1.1" 200 -
::1 - - [23/Oct/2025 12:02:58] "GET /mock_guncel.html?t=1761162700000 HTTP/1.1" 200 -
::1 - - [23/Oct/2025 12:03:15] "GET /mock_guncel.html?t=1761162800000 HTTP/1.1" 200 -
::1 - - [23/Oct/2025 12:06:51] "GET /mock_guncel.html?t=1761162400000 HTTP/1.1" 200 -
::1 - - [23/Oct/2025 12:07:12] "GET /mock_guncel.html?t=1761162200000 HTTP/1.1" 200 -
::1 - - [23/Oct/2025 12:08:05] "GET /mock_guncel.html?t=1761162900000 HTTP/1.1" 200 -
::1 - - [23/Oct/2025 12:08:39] "GET /mock_guncel.html?t=1761163000000 HTTP/1.1" 200 -
::1 - - [23/Oct/2025 12:09:21] "GET /mock_guncel.html?t=1761163100000 HTTP/1.1" 200 -
::1 - - [23/Oct/2025 12:10:52] "GET /mock_guncel.html?t=1761163100000 HTTP/1.1" 304 -
::1 - - [23/Oct/2025 12:17:40] "GET /mock_guncel.html HTTP/1.1" 200 -
::1 - - [23/Oct/2025 12:17:57] "GET /mock_guncel.html?t=1761163900000 HTTP/1.1" 200 -
